  ok  кружки не накладываются и стоят у своего времени light/06.10/320 []
  ok  плашки не закрывают чужие фото, друг друга и число light/06.10/320 []
  ok  хронологический порядок light/06.10/320
  ok  его 06.10: зал и завтрак видны оба light/06.10/320
  ok  одиночные плановые — полного размера light/06.10/320
  ok  не мельче r=11 при обычном дне light/06.10/320 13,17,17,20,20
  ok  нажатие открывает свой кружок light/06.10/320 []
  ok  у первой записи «раньше» выключено light/06.10/320
  ok  листание проходит все записи по порядку light/06.10/320 06:50 · Вес|06:57 · Зал|08:19 · Завтрак
  ok  раскрытый кружок: границы и контраст light/06.10/320 {"bb":[],"f":[]}
  ok  кнопки раскрытия ≥44 px light/06.10/320
  ok  раскрытый кружок переживает перерисовку light/06.10/320
  ok  нажатие мимо карточки сворачивает light/06.10/320
  ok  «+» открывает чат, а не раскрытие light/06.10/320
  ok  «Подробнее» открывает этот приём light/06.10/320 Завтрак
  ok  после ухода со страницы раскрытие не висит light/06.10/320
  ok  зал раскрывается и ведёт в «Зал» light/06.10/320
  ok  без ошибок JS light/06.10/320 
  ok  кружки не накладываются и стоят у своего времени light/06.10/340 []
  ok  плашки не закрывают чужие фото, друг друга и число light/06.10/340 []
  ok  хронологический порядок light/06.10/340
  ok  его 06.10: зал и завтрак видны оба light/06.10/340
  ok  одиночные плановые — полного размера light/06.10/340
  ok  не мельче r=11 при обычном дне light/06.10/340 13,17,17,20,20
  ok  без ошибок JS light/06.10/340 
  ok  кружки не накладываются и стоят у своего времени light/06.10/360 []
  ok  плашки не закрывают чужие фото, друг друга и число light/06.10/360 []
  ok  хронологический порядок light/06.10/360
  ok  его 06.10: зал и завтрак видны оба light/06.10/360
  ok  одиночные плановые — полного размера light/06.10/360
  ok  не мельче r=11 при обычном дне light/06.10/360 13,17,17,20,20
  ok  без ошибок JS light/06.10/360 
  ok  кружки не накладываются и стоят у своего времени light/06.10/375 []
  ok  плашки не закрывают чужие фото, друг друга и число light/06.10/375 []
  ok  хронологический порядок light/06.10/375
  ok  его 06.10: зал и завтрак видны оба light/06.10/375
  ok  одиночные плановые — полного размера light/06.10/375
  ok  не мельче r=11 при обычном дне light/06.10/375 13,17,17,20,20
  ok  без ошибок JS light/06.10/375 
  ok  кружки не накладываются и стоят у своего времени light/06.10/390 []
  ok  плашки не закрывают чужие фото, друг друга и число light/06.10/390 []
  ok  хронологический порядок light/06.10/390
  ok  его 06.10: зал и завтрак видны оба light/06.10/390
  ok  одиночные плановые — полного размера light/06.10/390
  ok  не мельче r=11 при обычном дне light/06.10/390 13,17,17,20,20
  ok  нажатие открывает свой кружок light/06.10/390 []
  ok  у первой записи «раньше» выключено light/06.10/390
  ok  листание проходит все записи по порядку light/06.10/390 06:50 · Вес|06:57 · Зал|08:19 · Завтрак
  ok  раскрытый кружок: границы и контраст light/06.10/390 {"bb":[],"f":[]}
  ok  кнопки раскрытия ≥44 px light/06.10/390
  ok  раскрытый кружок переживает перерисовку light/06.10/390
  ok  нажатие мимо карточки сворачивает light/06.10/390
  ok  «+» открывает чат, а не раскрытие light/06.10/390
  ok  «Подробнее» открывает этот приём light/06.10/390 Завтрак
  ok  после ухода со страницы раскрытие не висит light/06.10/390
  ok  зал раскрывается и ведёт в «Зал» light/06.10/390
  ok  без ошибок JS light/06.10/390 
  ok  кружки не накладываются и стоят у своего времени light/06.10/430 []
  ok  плашки не закрывают чужие фото, друг друга и число light/06.10/430 []
  ok  хронологический порядок light/06.10/430
  ok  его 06.10: зал и завтрак видны оба light/06.10/430
  ok  одиночные плановые — полного размера light/06.10/430
  ok  не мельче r=11 при обычном дне light/06.10/430 13,17,17,20,20
  ok  без ошибок JS light/06.10/430 
  ok  кружки не накладываются и стоят у своего времени light/плотный/320 []
  ok  плашки не закрывают чужие фото, друг друга и число light/плотный/320 []
  ok  хронологический порядок light/плотный/320
  ok  размер кружков по тесноте, не всем одинаково light/плотный/320 13,16,16,16,18,18,18,18,18,18
  ok  не мельче r=11 при обычном дне light/плотный/320 13,16,16,16,18,18,18,18,18,18
  ok  нажатие открывает свой кружок light/плотный/320 []
  ok  у первой записи «раньше» выключено light/плотный/320
  ok  листание проходит все записи по порядку light/плотный/320 06:40 · Вес|07:00 · Зал|08:10 · Завтрак|10:00 · Перекус|13:10 · Обед|14:00 · Перекус|16:30 · Перекус|17:30 · Теннис|19:00 · Ужин|20:15 · Перекус
  ok  раскрытый кружок: границы и контраст light/плотный/320 {"bb":[],"f":[]}
  ok  кнопки раскрытия ≥44 px light/плотный/320
  ok  раскрытый кружок переживает перерисовку light/плотный/320
  ok  нажатие мимо карточки сворачивает light/плотный/320
  ok  «Подробнее» открывает этот приём light/плотный/320 Завтрак
  ok  после ухода со страницы раскрытие не висит light/плотный/320
  ok  зал раскрывается и ведёт в «Зал» light/плотный/320
  ok  без ошибок JS light/плотный/320 
  ok  кружки не накладываются и стоят у своего времени light/плотный/340 []
  ok  плашки не закрывают чужие фото, друг друга и число light/плотный/340 []
  ok  хронологический порядок light/плотный/340
  ok  размер кружков по тесноте, не всем одинаково light/плотный/340 13,16,16,16,18,18,18,18,18,18
  ok  не мельче r=11 при обычном дне light/плотный/340 13,16,16,16,18,18,18,18,18,18
  ok  без ошибок JS light/плотный/340 
  ok  кружки не накладываются и стоят у своего времени light/плотный/360 []
  ok  плашки не закрывают чужие фото, друг друга и число light/плотный/360 []
  ok  хронологический порядок light/плотный/360
  ok  размер кружков по тесноте, не всем одинаково light/плотный/360 13,16,16,16,18,18,18,18,18,18
  ok  не мельче r=11 при обычном дне light/плотный/360 13,16,16,16,18,18,18,18,18,18
  ok  без ошибок JS light/плотный/360 
  ok  кружки не накладываются и стоят у своего времени light/плотный/375 []
  ok  плашки не закрывают чужие фото, друг друга и число light/плотный/375 []
  ok  хронологический порядок light/плотный/375
  ok  размер кружков по тесноте, не всем одинаково light/плотный/375 13,16,16,16,18,18,18,18,18,18
  ok  не мельче r=11 при обычном дне light/плотный/375 13,16,16,16,18,18,18,18,18,18
  ok  без ошибок JS light/плотный/375 
  ok  кружки не накладываются и стоят у своего времени light/плотный/390 []
  ok  плашки не закрывают чужие фото, друг друга и число light/плотный/390 []
  ok  хронологический порядок light/плотный/390
  ok  размер кружков по тесноте, не всем одинаково light/плотный/390 13,16,16,16,18,18,18,18,18,18
  ok  не мельче r=11 при обычном дне light/плотный/390 13,16,16,16,18,18,18,18,18,18
  ok  нажатие открывает свой кружок light/плотный/390 []
  ok  у первой записи «раньше» выключено light/плотный/390
  ok  листание проходит все записи по порядку light/плотный/390 06:40 · Вес|07:00 · Зал|08:10 · Завтрак|10:00 · Перекус|13:10 · Обед|14:00 · Перекус|16:30 · Перекус|17:30 · Теннис|19:00 · Ужин|20:15 · Перекус
  ok  раскрытый кружок: границы и контраст light/плотный/390 {"bb":[],"f":[]}
  ok  кнопки раскрытия ≥44 px light/плотный/390
  ok  раскрытый кружок переживает перерисовку light/плотный/390
  ok  нажатие мимо карточки сворачивает light/плотный/390
  ok  «Подробнее» открывает этот приём light/плотный/390 Завтрак
  ok  после ухода со страницы раскрытие не висит light/плотный/390
  ok  зал раскрывается и ведёт в «Зал» light/плотный/390
  ok  без ошибок JS light/плотный/390 
  ok  кружки не накладываются и стоят у своего времени light/плотный/430 []
  ok  плашки не закрывают чужие фото, друг друга и число light/плотный/430 []
  ok  хронологический порядок light/плотный/430
  ok  размер кружков по тесноте, не всем одинаково light/плотный/430 13,16,16,16,18,18,18,18,18,18
  ok  не мельче r=11 при обычном дне light/плотный/430 13,16,16,16,18,18,18,18,18,18
  ok  без ошибок JS light/плотный/430 
  ok  кружки не накладываются и стоят у своего времени light/кучка/320 []
  ok  плашки не закрывают чужие фото, друг друга и число light/кучка/320 []
  ok  хронологический порядок light/кучка/320
  ok  не мельче r=11 при обычном дне light/кучка/320 11,11,11,11,11,11,11,15
  ok  нажатие открывает свой кружок light/кучка/320 []
  ok  у первой записи «раньше» выключено light/кучка/320
  ok  листание проходит все записи по порядку light/кучка/320 07:28 · Вес|08:39 · Зал|10:26 · Перекус|10:28 · Перекус|10:29 · Перекус|10:31 · Перекус|10:32 · Перекус
  ok  раскрытый кружок: границы и контраст light/кучка/320 {"bb":[],"f":[]}
  ok  кнопки раскрытия ≥44 px light/кучка/320
  ok  раскрытый кружок переживает перерисовку light/кучка/320
  ok  нажатие мимо карточки сворачивает light/кучка/320
  ok  «+» открывает чат, а не раскрытие light/кучка/320
  ok  «Подробнее» открывает этот приём light/кучка/320 Перекус
  ok  после ухода со страницы раскрытие не висит light/кучка/320
  ok  зал раскрывается и ведёт в «Зал» light/кучка/320
  ok  без ошибок JS light/кучка/320 
  ok  кружки не накладываются и стоят у своего времени light/кучка/340 []
  ok  плашки не закрывают чужие фото, друг друга и число light/кучка/340 []
  ok  хронологический порядок light/кучка/340
  ok  не мельче r=11 при обычном дне light/кучка/340 11,11,11,11,11,11,11,15
  ok  без ошибок JS light/кучка/340 
  ok  кружки не накладываются и стоят у своего времени light/кучка/360 []
  ok  плашки не закрывают чужие фото, друг друга и число light/кучка/360 []
  ok  хронологический порядок light/кучка/360
  ok  не мельче r=11 при обычном дне light/кучка/360 11,11,11,11,11,11,11,15
  ok  без ошибок JS light/кучка/360 
  ok  кружки не накладываются и стоят у своего времени light/кучка/375 []
  ok  плашки не закрывают чужие фото, друг друга и число light/кучка/375 []
  ok  хронологический порядок light/кучка/375
  ok  не мельче r=11 при обычном дне light/кучка/375 11,11,11,11,11,11,11,15
  ok  без ошибок JS light/кучка/375 
  ok  кружки не накладываются и стоят у своего времени light/кучка/390 []
  ok  плашки не закрывают чужие фото, друг друга и число light/кучка/390 []
  ok  хронологический порядок light/кучка/390
  ok  не мельче r=11 при обычном дне light/кучка/390 11,11,11,11,11,11,11,15
  ok  нажатие открывает свой кружок light/кучка/390 []
  ok  у первой записи «раньше» выключено light/кучка/390
  ok  листание проходит все записи по порядку light/кучка/390 07:28 · Вес|08:39 · Зал|10:26 · Перекус|10:28 · Перекус|10:29 · Перекус|10:31 · Перекус|10:32 · Перекус
  ok  раскрытый кружок: границы и контраст light/кучка/390 {"bb":[],"f":[]}
  ok  кнопки раскрытия ≥44 px light/кучка/390
  ok  раскрытый кружок переживает перерисовку light/кучка/390
  ok  нажатие мимо карточки сворачивает light/кучка/390
  ok  «+» открывает чат, а не раскрытие light/кучка/390
  ok  «Подробнее» открывает этот приём light/кучка/390 Перекус
  ok  после ухода со страницы раскрытие не висит light/кучка/390
  ok  зал раскрывается и ведёт в «Зал» light/кучка/390
  ok  без ошибок JS light/кучка/390 
  ok  кружки не накладываются и стоят у своего времени light/кучка/430 []
  ok  плашки не закрывают чужие фото, друг друга и число light/кучка/430 []
  ok  хронологический порядок light/кучка/430
  ok  не мельче r=11 при обычном дне light/кучка/430 11,11,11,11,11,11,11,15
  ok  без ошибок JS light/кучка/430 
  ok  кружки не накладываются и стоят у своего времени dark/06.10/320 []
  ok  плашки не закрывают чужие фото, друг друга и число dark/06.10/320 []
  ok  хронологический порядок dark/06.10/320
  ok  его 06.10: зал и завтрак видны оба dark/06.10/320
  ok  одиночные плановые — полного размера dark/06.10/320
  ok  не мельче r=11 при обычном дне dark/06.10/320 13,17,17,20,20
  ok  нажатие открывает свой кружок dark/06.10/320 []
  ok  у первой записи «раньше» выключено dark/06.10/320
  ok  листание проходит все записи по порядку dark/06.10/320 06:50 · Вес|06:57 · Зал|08:19 · Завтрак
  ok  раскрытый кружок: границы и контраст dark/06.10/320 {"bb":[],"f":[]}
  ok  кнопки раскрытия ≥44 px dark/06.10/320
  ok  раскрытый кружок переживает перерисовку dark/06.10/320
  ok  нажатие мимо карточки сворачивает dark/06.10/320
  ok  «+» открывает чат, а не раскрытие dark/06.10/320
  ok  «Подробнее» открывает этот приём dark/06.10/320 Завтрак
  ok  после ухода со страницы раскрытие не висит dark/06.10/320
  ok  зал раскрывается и ведёт в «Зал» dark/06.10/320
  ok  без ошибок JS dark/06.10/320 
  ok  кружки не накладываются и стоят у своего времени dark/06.10/340 []
  ok  плашки не закрывают чужие фото, друг друга и число dark/06.10/340 []
  ok  хронологический порядок dark/06.10/340
  ok  его 06.10: зал и завтрак видны оба dark/06.10/340
  ok  одиночные плановые — полного размера dark/06.10/340
  ok  не мельче r=11 при обычном дне dark/06.10/340 13,17,17,20,20
  ok  без ошибок JS dark/06.10/340 
  ok  кружки не накладываются и стоят у своего времени dark/06.10/360 []
  ok  плашки не закрывают чужие фото, друг друга и число dark/06.10/360 []
  ok  хронологический порядок dark/06.10/360
  ok  его 06.10: зал и завтрак видны оба dark/06.10/360
  ok  одиночные плановые — полного размера dark/06.10/360
  ok  не мельче r=11 при обычном дне dark/06.10/360 13,17,17,20,20
  ok  без ошибок JS dark/06.10/360 
  ok  кружки не накладываются и стоят у своего времени dark/06.10/375 []
  ok  плашки не закрывают чужие фото, друг друга и число dark/06.10/375 []
  ok  хронологический порядок dark/06.10/375
  ok  его 06.10: зал и завтрак видны оба dark/06.10/375
  ok  одиночные плановые — полного размера dark/06.10/375
  ok  не мельче r=11 при обычном дне dark/06.10/375 13,17,17,20,20
  ok  без ошибок JS dark/06.10/375 
  ok  кружки не накладываются и стоят у своего времени dark/06.10/390 []
  ok  плашки не закрывают чужие фото, друг друга и число dark/06.10/390 []
  ok  хронологический порядок dark/06.10/390
  ok  его 06.10: зал и завтрак видны оба dark/06.10/390
  ok  одиночные плановые — полного размера dark/06.10/390
  ok  не мельче r=11 при обычном дне dark/06.10/390 13,17,17,20,20
  ok  нажатие открывает свой кружок dark/06.10/390 []
  ok  у первой записи «раньше» выключено dark/06.10/390
  ok  листание проходит все записи по порядку dark/06.10/390 06:50 · Вес|06:57 · Зал|08:19 · Завтрак
  ok  раскрытый кружок: границы и контраст dark/06.10/390 {"bb":[],"f":[]}
  ok  кнопки раскрытия ≥44 px dark/06.10/390
  ok  раскрытый кружок переживает перерисовку dark/06.10/390
  ok  нажатие мимо карточки сворачивает dark/06.10/390
  ok  «+» открывает чат, а не раскрытие dark/06.10/390
  ok  «Подробнее» открывает этот приём dark/06.10/390 Завтрак
  ok  после ухода со страницы раскрытие не висит dark/06.10/390
  ok  зал раскрывается и ведёт в «Зал» dark/06.10/390
  ok  без ошибок JS dark/06.10/390 
  ok  кружки не накладываются и стоят у своего времени dark/06.10/430 []
  ok  плашки не закрывают чужие фото, друг друга и число dark/06.10/430 []
  ok  хронологический порядок dark/06.10/430
  ok  его 06.10: зал и завтрак видны оба dark/06.10/430
  ok  одиночные плановые — полного размера dark/06.10/430
  ok  не мельче r=11 при обычном дне dark/06.10/430 13,17,17,20,20
  ok  без ошибок JS dark/06.10/430 
  ok  кружки не накладываются и стоят у своего времени dark/плотный/320 []
  ok  плашки не закрывают чужие фото, друг друга и число dark/плотный/320 []
  ok  хронологический порядок dark/плотный/320
  ok  размер кружков по тесноте, не всем одинаково dark/плотный/320 13,16,16,16,18,18,18,18,18,18
  ok  не мельче r=11 при обычном дне dark/плотный/320 13,16,16,16,18,18,18,18,18,18
  ok  нажатие открывает свой кружок dark/плотный/320 []
  ok  у первой записи «раньше» выключено dark/плотный/320
  ok  листание проходит все записи по порядку dark/плотный/320 06:40 · Вес|07:00 · Зал|08:10 · Завтрак|10:00 · Перекус|13:10 · Обед|14:00 · Перекус|16:30 · Перекус|17:30 · Теннис|19:00 · Ужин|20:15 · Перекус
  ok  раскрытый кружок: границы и контраст dark/плотный/320 {"bb":[],"f":[]}
  ok  кнопки раскрытия ≥44 px dark/плотный/320
  ok  раскрытый кружок переживает перерисовку dark/плотный/320
  ok  нажатие мимо карточки сворачивает dark/плотный/320
  ok  «Подробнее» открывает этот приём dark/плотный/320 Завтрак
  ok  после ухода со страницы раскрытие не висит dark/плотный/320
  ok  зал раскрывается и ведёт в «Зал» dark/плотный/320
  ok  без ошибок JS dark/плотный/320 
  ok  кружки не накладываются и стоят у своего времени dark/плотный/340 []
  ok  плашки не закрывают чужие фото, друг друга и число dark/плотный/340 []
  ok  хронологический порядок dark/плотный/340
  ok  размер кружков по тесноте, не всем одинаково dark/плотный/340 13,16,16,16,18,18,18,18,18,18
  ok  не мельче r=11 при обычном дне dark/плотный/340 13,16,16,16,18,18,18,18,18,18
  ok  без ошибок JS dark/плотный/340 
  ok  кружки не накладываются и стоят у своего времени dark/плотный/360 []
  ok  плашки не закрывают чужие фото, друг друга и число dark/плотный/360 []
  ok  хронологический порядок dark/плотный/360
  ok  размер кружков по тесноте, не всем одинаково dark/плотный/360 13,16,16,16,18,18,18,18,18,18
  ok  не мельче r=11 при обычном дне dark/плотный/360 13,16,16,16,18,18,18,18,18,18
  ok  без ошибок JS dark/плотный/360 
  ok  кружки не накладываются и стоят у своего времени dark/плотный/375 []
  ok  плашки не закрывают чужие фото, друг друга и число dark/плотный/375 []
  ok  хронологический порядок dark/плотный/375
  ok  размер кружков по тесноте, не всем одинаково dark/плотный/375 13,16,16,16,18,18,18,18,18,18
  ok  не мельче r=11 при обычном дне dark/плотный/375 13,16,16,16,18,18,18,18,18,18
  ok  без ошибок JS dark/плотный/375 
  ok  кружки не накладываются и стоят у своего времени dark/плотный/390 []
  ok  плашки не закрывают чужие фото, друг друга и число dark/плотный/390 []
  ok  хронологический порядок dark/плотный/390
  ok  размер кружков по тесноте, не всем одинаково dark/плотный/390 13,16,16,16,18,18,18,18,18,18
  ok  не мельче r=11 при обычном дне dark/плотный/390 13,16,16,16,18,18,18,18,18,18
  ok  нажатие открывает свой кружок dark/плотный/390 []
  ok  у первой записи «раньше» выключено dark/плотный/390
  ok  листание проходит все записи по порядку dark/плотный/390 06:40 · Вес|07:00 · Зал|08:10 · Завтрак|10:00 · Перекус|13:10 · Обед|14:00 · Перекус|16:30 · Перекус|17:30 · Теннис|19:00 · Ужин|20:15 · Перекус
  ok  раскрытый кружок: границы и контраст dark/плотный/390 {"bb":[],"f":[]}
  ok  кнопки раскрытия ≥44 px dark/плотный/390
  ok  раскрытый кружок переживает перерисовку dark/плотный/390
  ok  нажатие мимо карточки сворачивает dark/плотный/390
  ok  «Подробнее» открывает этот приём dark/плотный/390 Завтрак
  ok  после ухода со страницы раскрытие не висит dark/плотный/390
  ok  зал раскрывается и ведёт в «Зал» dark/плотный/390
  ok  без ошибок JS dark/плотный/390 
  ok  кружки не накладываются и стоят у своего времени dark/плотный/430 []
  ok  плашки не закрывают чужие фото, друг друга и число dark/плотный/430 []
  ok  хронологический порядок dark/плотный/430
  ok  размер кружков по тесноте, не всем одинаково dark/плотный/430 13,16,16,16,18,18,18,18,18,18
  ok  не мельче r=11 при обычном дне dark/плотный/430 13,16,16,16,18,18,18,18,18,18
  ok  без ошибок JS dark/плотный/430 
  ok  кружки не накладываются и стоят у своего времени dark/кучка/320 []
  ok  плашки не закрывают чужие фото, друг друга и число dark/кучка/320 []
  ok  хронологический порядок dark/кучка/320
  ok  не мельче r=11 при обычном дне dark/кучка/320 11,11,11,11,11,11,11,15
  ok  нажатие открывает свой кружок dark/кучка/320 []
  ok  у первой записи «раньше» выключено dark/кучка/320
  ok  листание проходит все записи по порядку dark/кучка/320 07:28 · Вес|08:39 · Зал|10:26 · Перекус|10:28 · Перекус|10:29 · Перекус|10:31 · Перекус|10:32 · Перекус
  ok  раскрытый кружок: границы и контраст dark/кучка/320 {"bb":[],"f":[]}
  ok  кнопки раскрытия ≥44 px dark/кучка/320
  ok  раскрытый кружок переживает перерисовку dark/кучка/320
  ok  нажатие мимо карточки сворачивает dark/кучка/320
  ok  «+» открывает чат, а не раскрытие dark/кучка/320
  ok  «Подробнее» открывает этот приём dark/кучка/320 Перекус
  ok  после ухода со страницы раскрытие не висит dark/кучка/320
  ok  зал раскрывается и ведёт в «Зал» dark/кучка/320
  ok  без ошибок JS dark/кучка/320 
  ok  кружки не накладываются и стоят у своего времени dark/кучка/340 []
  ok  плашки не закрывают чужие фото, друг друга и число dark/кучка/340 []
  ok  хронологический порядок dark/кучка/340
  ok  не мельче r=11 при обычном дне dark/кучка/340 11,11,11,11,11,11,11,15
  ok  без ошибок JS dark/кучка/340 
  ok  кружки не накладываются и стоят у своего времени dark/кучка/360 []
  ok  плашки не закрывают чужие фото, друг друга и число dark/кучка/360 []
  ok  хронологический порядок dark/кучка/360
  ok  не мельче r=11 при обычном дне dark/кучка/360 11,11,11,11,11,11,11,15
  ok  без ошибок JS dark/кучка/360 
  ok  кружки не накладываются и стоят у своего времени dark/кучка/375 []
  ok  плашки не закрывают чужие фото, друг друга и число dark/кучка/375 []
  ok  хронологический порядок dark/кучка/375
  ok  не мельче r=11 при обычном дне dark/кучка/375 11,11,11,11,11,11,11,15
  ok  без ошибок JS dark/кучка/375 
  ok  кружки не накладываются и стоят у своего времени dark/кучка/390 []
  ok  плашки не закрывают чужие фото, друг друга и число dark/кучка/390 []
  ok  хронологический порядок dark/кучка/390
  ok  не мельче r=11 при обычном дне dark/кучка/390 11,11,11,11,11,11,11,15
  ok  нажатие открывает свой кружок dark/кучка/390 []
  ok  у первой записи «раньше» выключено dark/кучка/390
  ok  листание проходит все записи по порядку dark/кучка/390 07:28 · Вес|08:39 · Зал|10:26 · Перекус|10:28 · Перекус|10:29 · Перекус|10:31 · Перекус|10:32 · Перекус
  ok  раскрытый кружок: границы и контраст dark/кучка/390 {"bb":[],"f":[]}
  ok  кнопки раскрытия ≥44 px dark/кучка/390
  ok  раскрытый кружок переживает перерисовку dark/кучка/390
  ok  нажатие мимо карточки сворачивает dark/кучка/390
  ok  «+» открывает чат, а не раскрытие dark/кучка/390
  ok  «Подробнее» открывает этот приём dark/кучка/390 Перекус
  ok  после ухода со страницы раскрытие не висит dark/кучка/390
  ok  зал раскрывается и ведёт в «Зал» dark/кучка/390
  ok  без ошибок JS dark/кучка/390 
  ok  кружки не накладываются и стоят у своего времени dark/кучка/430 []
  ok  плашки не закрывают чужие фото, друг друга и число dark/кучка/430 []
  ok  хронологический порядок dark/кучка/430
  ok  не мельче r=11 при обычном дне dark/кучка/430 11,11,11,11,11,11,11,15
  ok  без ошибок JS dark/кучка/430 
ВСЕ ПРОВЕРКИ ПРОЙДЕНЫ
