  ok  страница поднялась без ошибок 
  ok  дуга дня нарисована
  ok  ночного сектора больше нет
  ok  два слова: утро и вечер
  ok  утро слева, вечер справа
  ok  края окна подписаны: 06 и 22, а не середина
  ok  пузыри не вылезают за кадр []
  ok  число и подписи не выходят за дугу []
  ok  неделя семью точками
  ok  дорожки под часами на месте
  ok  фото еды раскрывается по нажатию
  ok  взвешивание стоит на дуге
  ok  пустое место приёма на дуге есть
  ok  палец в середину пузыря попадает по нему, а не мимо
  ok  нажатие на «+» открыло чат с тренером, где еда и записывается
  ok  после записи в 23:10 окно дотянулось до 00, а не обрезало её
  ok  все четыре приёма на дуге
  ok  поздний приём тоже в кадре
  ok  на пустом дне видны места будущих приёмов
  ok  без записей оценка не выдумывается
  ok  +78 при норме 1700 (+4,6 %) — не красный: +78 · okover
  ok  класса промаха на нём нет
  ok  +400 при норме 1700 (+23,5 %) — уже промах: +400 · over
  ok  и цвет другой, чем у перебора в коридоре
ВСЕ ПРОВЕРКИ ПРОЙДЕНЫ
