  ok  страница поднялась без ошибок 
  ok  ряды чипов свёрнуты
  ok  первое упражнение видно без прокрутки: 342 px от верха
  ok  групп несколько: Грудь 72 · Широчайшие 31 · Середина спины 30 · Плечи 105
  ok  в группе по четыре упражнения: 4
  ok  первая группа — грудь: Грудь 72
  ok  у каждой строки подборки есть фото: 48
  ok  на кнопке — что выбрано, включая фильтр по умолчанию: фильтрысила
  ok  по нажатию чипы раскрылись
  ok  мышца на месте
  ok  снаряд на месте
  ok  подборок больше нет — идёт список
  ok  кнопка показывает выбранное: фильтрыПлечи · сила
  ok  появилась кнопка «сбросить»
  ok  сброс вернул подборки
  ok  «все →» открыло список группы
  ok  и это именно та мышца: фильтрыГрудь · сила
  ok  при запросе подборок нет
  ok  первое найденное отвечает запросу: Присед (штанга, с колен, классический)
  ok  нашлись строки со штангой: 12
  ok  снаряд не повторяется в подписи
  ok  в каталоге все 899 упражнений: 899
  ok  одинаковых имён не осталось: 0
  ok  кнопка признаёт фильтр по умолчанию: фильтрысила
  ok  пустой результат подписан, а не пустой экран
  ok  и сказано, что сузило поиск: Ничего не нашлосьпо запросу «растяжка»Ищем среди: силаИскать среди всех
  ok  есть выход из тупика одной кнопкой
  ok  после «искать среди всех» растяжки нашлись: 40
  ok  тяжёлый вариант ищется по имени и ведёт к своей базе: Тяга (в наклоне, штанга)
  ok  и рядом сказано, чем он отличается: Тяга Пендлея — каждый повтор с пола, корпус параллелен полу, без раска
  ok  новое движение нашлось: Флаг дракона
  ok  и помечено продвинутым: свой вес · продвинутый
  ok  фото у него нет ни в одном открытом наборе — стоит наша схема движения
  ok  в профиле карточка «под что собрана»: Мышцы · вес вниз · 5 днейвт, ср, чт, пт, вс · 5 дней в неделювсё тело ровно · в зале · 45 
  ok  и она короткая, а не список из семи строк: Мышцы · вес вниз · 5 днейвт, ср, чт, пт, вс · 5 дней в неделювсё тело ровно · в зале · 45 
  ok  россыпь в профиле убрана: #pf-place
  ok  россыпь в профиле убрана: #pf-plate
  ok  россыпь в профиле убрана: #pf-lim
  ok  россыпь в профиле убрана: #pf-level
  ok  кнопка открывает лист сборки, а не собирает молча
  ok  в листе спрашивается sb-wd
  ok  в листе спрашивается sb-min
  ok  в листе спрашивается sb-level
  ok  в листе спрашивается sb-place
  ok  в листе спрашивается sb-focus
  ok  в листе спрашивается sb-plate
  ok  в листе спрашивается sb-lim
  ok  в листе спрашивается sb-dis
  ok  дни подставлены из расписания: 5
  ok  сказано, во что превращаются минуты: это 19 рабочих подходов за занятие, около 95 в неделю
  ok  выбрал мышцу — «всё тело ровно» снялось: плечи
  ok  выбрал «ровно» — точечный упор снялся: всё тело ровно

ВСЕ ПРОВЕРКИ ПРОЙДЕНЫ
