  ok  страница поднялась без ошибок 
  ok  кругов в профиле больше нет — они живут на своей вкладке
  ok  и вход по коду оттуда тоже убран
  ok  круги видны полосой на вкладке: семья 2 | зал 4 | ⚙ | +
  ok  и рядом «+», чтобы завести новый
  ok  в круге есть, чем открыть его настройки
  ok  в листе круга есть «Отправить приглашение»
  ok  нажатие открывает шаринг, а не молчит: https://t.me/share/url?url=https%3A%2F%2Ft.me%2FGetFit_MyBot%3Fstart%3Dsemya7&text=%D0%9F%D1%80%D0%B8%D0%B3%D0%BB%D0%B0%D1%88%D0%B0%D1%8E%20%D0%B2%20GetFit%20%E2%80%94%20%D1%82%D1%80%D0%B5%D0%BD%D0%B5%D1%80%20%D0%B2%20Telegram%2C%20%D0%BA%D1%80%D1%83%D0%B3%20%C2%AB%D1%81%D0%B5%D0%BC%D1%8C%D1%8F%C2%BB.%20%D0%9A%D0%BE%D0%B4%3A%20%D1%81%D0%B5%D0%BC%D1%8C%D1%8F7
  ok  в приглашении есть код круга
  ok  на вкладке есть, где завести свой круг
  ok  и где войти в чужой по коду — раньше это было только в профиле
  ok  имя вводится: зал
  ok  сказано, сколько даёт приглашение: Кто придёт по твоей ссылке и оформит подписку — тебе 500 баллов. 500 баллов = месяц тренера.
  ok  ссылка личная, с меткой пригласившего: https://t.me/GetFit_MyBot?start=r_308687648
  ok  без баллов кнопки «оплатить баллами» нет
  ok  с баллами кнопка есть и показывает счёт: Оплатить месяц баллами (1000)
  ok  итог одной строкой вместо списка: по ссылке пришли 2 · оформили подписку 1 · у тебя 1000 баллов
  ok  в листе с ценой есть поле промокода
  ok  неверный код лист не закрывает
  ok  верный код закрывает лист — доступ открыт
ВСЕ ПРОВЕРКИ ПРОЙДЕНЫ
