  ok  страница поднялась без ошибок 
  ok  переключатель: Сегодня*,Завтра,Неделя,Покупки
  ok  «Сегодня» само попросило меню на остаток дня — один раз
  ok  каталог с подбором — под кнопкой
  ok  по кнопке — прежний подбор и каталог
  ok  меню ещё нет — объяснено, что это будет
  ok  пока собирается — это видно
  ok  попросил у сервера меню на завтра
  ok  итог дня против нормы и день зала
  ok  день зала без ведущей точки
  ok  слово тренера — на чём построено меню
  ok  четыре приёма
  ok  строка приёма — блоком, не чужой сеткой замеров (снимок 24.09)
  ok  состав с граммами
  ok  у блюда — рецепт и время
  ok  рецепт открылся шагами: 3
  ok  на семью — граммы на всех
  ok  покупки: на семью, сырые веса, что дома
  ok  по отделам, с количеством
  ok  отметка «купил» не слетает при переключении
  ok  список ушёл в Telegram
  ok  на кнопке — «Отправил ✓»
  ok  меню недели ещё нет — кнопка собрать
  ok  под ответом — кнопка «Открыть меню на неделю»
  ok  кнопка открыла вкладку «Что съесть»
  ok  и сама попросила собрать меню на неделю
  ok  выбран вид «Неделя»
  ok  быт, записанный тренером, пришёл в профиль
  ok  в свёрнутом блоке — сводка: на 3 · дома: рис…
  ok  быт из профиля сохранён: {"cook":"сам","family":4,"home":"рис, яйца","budget":"эконом","rules":["халяль"]}
  ok  правка руками — со свежей отметкой времени
  ok  остальной профиль не тронут
ВСЕ ПРОВЕРКИ ПРОЙДЕНЫ
