  ok  страница поднялась без ошибок 
  ok  отмечено подходов в свёрнутых упражнениях: 8
  ok  приложение переспросило время, а не записало замер молча
  ok  и объяснило, почему спрашивает: «Таймер насчитал 1 минуту — на 8 подходов это слишком быстро. Он включа…»
  ok  своё число вписать можно: 1 · 30 · 45 · 60 · 75 · 90 · своё
  ok  и есть из чего выбрать: 1 · 30 · 45 · 60 · 75 · 90 · своё
  ok  до ответа тренировка не сохранена
  ok  лист считает плотность вслух: 8 подходов за 60 минут — по 7,5 минуты на подход.
  ok  после ответа тренировка сохранена: 1
  ok  и в записи стоит подтверждённое время, а не замер: 60
  ok  в записи все упражнения дня, а не последнее раскрытое: Приседания со штангой · Подъёмы на носки стоя
  ok  и подходов в ней столько же, сколько отмечено: 8
  ok  лист закрылся сам
  ok  повторное сохранение уже не переспрашивает
  ok  и время осталось прежним
  ok  отметка начала занятия найдена и сдвинута на три часа назад: 1
  ok  в записи время работы, а не «до сейчас» и не потолок в 240: 40 при 40
  ok  в сумме нормы зал стоит отдельным слагаемым: норма 2110 = база 1760 + зал 350 зал: 60 минут и 24 подхода — темп плотный
  ok  и рядом сказано, из чего оно: минуты и подходы
  ok  и каким был темп (по нему берётся MET, а не по весу на штанге)
  ok  про веса не сказано ничего — они в это число не входят
ВСЕ ПРОВЕРКИ ПРОЙДЕНЫ
