  ok  страница поднялась без ошибок 
  ok  в карточке оба пальца: 👍 · 👎 · Убрать
  ok  кнопки «Заменить» больше нет — палец вниз и есть замена
  ok  упражнение заменилось: «Приседания со штангой» → «Выпады (штанга, в движении)»
  ok  сказано, что на что: Заменил «Приседания со штангой» на «Выпады (штанга, в движении)». Не т
  ok  и оставлен выход для того, кто хочет выбрать сам
  ok  замена пришла из каталога, мышца известна: quadriceps
  ok  второй отказ дал третье движение, а не вернул отвергнутое: Присед (сбоку, штанга)
  ok  и обе замены из одной мышцы: quadriceps и quadriceps
  ok  оба отказа записаны навсегда: Приседания со штангой · Выпады (штанга, в движении)
  ok  палец вверх остаётся нажатым
  ok  долгое удержание включило режим порядка
  ok  в режиме порядка «+ Занятие вне зала» под «Завершить» не мешает
  ok  список для перестановки собран: 3
  ok  суперсет стоит одной рамкой, парой: Румынская тяга с гантелями + Подъёмы на носки стоя
  ok  фото упражнений остались на месте — экран не подменён
  ok  и счёт подходов тоже: —0 из 4
  ok  стрелка поменяла местами: Румынская тяга с гантелями + Подъёмы на носки стоя
  ok  у каждой строки есть ручка для пальца
  ПРОВАЛ  карточка поднялась под пальцем
  ПРОВАЛ  третья строка встала первой: Румынская тяга с гантелями + Подъёмы на носки стоя
  ПРОВАЛ  остальные сдвинулись, а не поменялись местами: Румынская тяга с гантелями + Подъёмы на носки стоя · Присед (сбоку, штанга) · Жим ногами в тренажёре + Ролик для пресса
  ok  после отпускания ничего не зависло
  ok  режим выключается «Готово»
  ok  после «Готово» кнопка занятия вернулась
  ok  и порядок применился к дню: Румынская тяга с гантелями
  ok  порядок запомнен навсегда: АРумынская тяга с гантелями
ПРОВАЛОВ: 3
