  ok  страница поднялась без ошибок 
  ok  в карточке оба пальца: 👍 · 👎 · Убрать
  ok  кнопки «Заменить» больше нет — палец вниз и есть замена
  ok  упражнение заменилось: «Приседания со штангой» → «Выпады (штанга, в движении)»
  ok  сказано, что на что: Заменил «Приседания со штангой» на «Выпады (штанга, в движении)». Не т
  ok  и оставлен выход для того, кто хочет выбрать сам
  ok  замена пришла из каталога, мышца известна: quadriceps
  ok  второй отказ дал третье движение, а не вернул отвергнутое: Присед (сбоку, штанга)
  ok  и обе замены из одной мышцы: quadriceps и quadriceps
  ok  оба отказа записаны навсегда: Приседания со штангой · Выпады (штанга, в движении)
  ok  палец вверх остаётся нажатым
  ok  долгое удержание включило режим порядка
  ok  в режиме порядка «+ Занятие вне зала» под «Завершить» не мешает
  ok  список для перестановки собран: 3
  ok  суперсет стоит одной рамкой, парой: Румынская тяга с гантелями + Подъёмы на носки стоя
  ok  фото упражнений остались на месте — экран не подменён
  ok  и счёт подходов тоже: —0 из 4
  ok  стрелка поменяла местами: Румынская тяга с гантелями + Подъёмы на носки стоя
AUDIT_POINTER {"third":{"x":36.06465148925781,"y":438.5382080078125,"width":27.870697021484375,"height":229.204833984375},"first":{"x":32,"y":30.390625,"width":256,"height":272.5},"window":{"w":320,"h":900,"at":"<button class=\"btn\" id=\"finish\">Завершить и сохранить</button>"}}
  ok  у каждой строки есть ручка для пальца
  ok  карточка поднялась под пальцем
  ok  третья строка встала первой: Жим ногами в тренажёре + Ролик для пресса
  ok  остальные сдвинулись, а не поменялись местами: Жим ногами в тренажёре + Ролик для пресса · Румынская тяга с гантелями + Подъёмы на носки стоя · Присед (сбоку, штанга)
  ok  после отпускания ничего не зависло
  ok  режим выключается «Готово»
  ok  после «Готово» кнопка занятия вернулась
  ok  и порядок применился к дню: Жим ногами в тренажёре
  ok  порядок запомнен навсегда: АЖим ногами в тренажёре
ВСЕ ПРОВЕРКИ ПРОЙДЕНЫ
