  ok  страница поднялась без ошибок 
  ok  в полосе четыре кнопки: 4
  ok  сетка на четыре колонки: 4
  ok  класса boss на теле нет даже у владельца
  ok  кнопки занимают всю полосу, а не жмутся налево: отступ слева 0, справа 0
  ok  выбора «сам меняет / спрашивает» в профиле нет
  ok  и поля под него в разметке не осталось
  ok  раздела «Спорт вне зала» в профиле нет
  ok  и редактора плана в профиле нет
  ok  строка владельца называется «Админ панель»
  ok  на странице тренировки ровно одна кнопка про занятие вне зала: 1
  ok  отдельного редактора расписания больше нет нигде
  ok  лист занятия открылся
  ok  в листе появилась строка дней: пн вт ср чт пт сб вс
  ok  заведённое повторение видно сверху: теннисср, сб · 90 мин×
  ok  и его дни уже горят у выбранного вида: ср, сб
  ok  кнопка говорит про оба дела: Записать и повторять
  ok  пока ничего не поменяли — второй кнопки нет
  ok  появилась вторая дорога: Только в расписание
  ok  но пока ничего не сохранилось — нажатия не было
  ok  «только в расписание» закрывает лист
  ok  и сохраняет одно повторение с новыми днями: [3]
  ok  крестик убрал повторение
  ok  список повторений пропал вместе с последним
  ok  и дни у вида погасли
  ok  кнопка снова про оба дела
  ok  запись закрыла лист
  ok  и повторение завелось тем же нажатием: {"k":"теннис","d":[1],"min":90,"i":"mod"}
  ok  у «только еды» страница поднялась без ошибок 
  ok  у него в полосе три кнопки и они не смещены: 0 / 0
  ok  кнопки «+ Занятие вне зала» на «Еде» нет
  ok  и кнопки со страницы зала у него не видно
  ok  чат с тренером на месте — занятие записывается там
ВСЕ ПРОВЕРКИ ПРОЙДЕНЫ
