  ok  страница поднялась без ошибок 
  ok  в день зала тренер спросил сам — один запрос за сегодня
  ok  на кнопке тренера точка — пришло новое
  ok  в разговоре пять кнопок: Отлично · Нормально · Плохо спал · Устал · Что-то болит
  ok  кнопки не меньше 44 точек
  ok  кнопки не распирают экран вбок
  ok  нажатие ушло на сервер: самочувствие «сон»
  ok  в ленте реплика человека — «Плохо спал»
  ok  старые кнопки ушли, под ответом — «Облегчить сегодня»
  ok  в зале видно упражнения дня: 5
  ok  облегчение ушло на сервер
  ok  облегчение записано на сегодня
  ok  после нажатия кнопка ушла вместе с репликой
  ok  на подход меньше в каждом упражнении, кроме упражнений на время: 4,3,4,3,4 → 3,2,3,2,3
  ok  таблица подходов пересобрана: 3,2,3,2,3
  ok  над днём строка: Облегчено на сегодня · в каждом упражнении на подход меньше, веса те же, заканчи
  ok  кнопка «Вернуть как было» видна и не мельче 44 точек
  ok  всё назад: 4,3,4,3,4
  ok  и сервер узнал об отмене
  ok  строки облегчения больше нет
  ok  в тот же день второй раз не спрашивает
  ok  шкала боли кнопками
  ok  «Острая, отёк» выделена предупреждением
  ok  сила боли ушла на сервер
  ok  список — упражнения сегодняшнего дня (5)
  ok  сервер получил что на что: «Приседания со штангой» → «Присед (Смит, тренажёр, классический)»
  ok  упражнение отмечено «Мешает суставу» — та же отметка, что под 👎
  ok  в зале на его месте теперь «Присед (Смит, тренажёр, классический)»
  ok  замена из каталога, на ту же мышцу:  / quadriceps
  ok  при боли — не «экспертное» по технике: уровень «beginner»
  ok  на больное — сначала тренажёр или блок: machine
  ok  в «не нравится» не записано — упражнение болит, а не разонравилось
  ok  кнопка из слов: отметил и заменил «Румынская тяга с гантелями» → «Сгибание ног (тренажёр, лёжа)»
  ok  взрывное «экспертное» на больной сустав не ставится: «Сгибание ног (тренажёр, лёжа)», beginner
  ok  снаряд из тех, что в зале есть, а не резинка: machine
  ok  вчерашняя кнопка «Облегчить сегодня» не показана
  ok  после вопроса человека прежние кнопки не висят
  ok  в день отдыха тренер не спрашивает
ВСЕ ПРОВЕРКИ ПРОЙДЕНЫ
