  ok  страница поднялась без ошибок 
  ok  вкладки: Сегодня*,Завтра,Неделя,Покупки
  ok  шапка: съедено и сколько осталось
  ok  меню свежее — сервер не дёргаем
  ok  съеденное — приглушёнными строками: завтрак · съедено,обед · съедено
  ok  впереди — перекус и ужин
  ok  состав с граммами и слово тренера
  ok  сказано, что пересоберётся само
  ok  рецепт по меню сегодняшнего дня
  ok  «В Telegram» — меню на сегодня
  ok  каталог закрыт
  ok  по кнопке — подбор и каталог
  ok  кнопка каталога не мельче 44 точек
  ok  пока пересобирается — старое меню видно с пометкой
  ok  сервер попросили один раз: today
  ok  новое меню встало
  ok  перерисовка не пересобирает свежее меню
  ok  меню свежее — пока ничего не записано, не пересобираем
  ok  после записи в разговоре меню пересобралось само: today
  ok  меню на сегодня не было — собрано при входе
  ok  день закрыт: «На сегодня всё», без «Другое меню»
  ok  под ответом — «Открыть меню на сегодня»
  ok  кнопка открыла «Сегодня» с меню
ВСЕ ПРОВЕРКИ ПРОЙДЕНЫ
