  ok  страница поднялась без ошибок 
  ok  день 4 открыт
  ok  до пересборки замена видна: Присед (штанга, классический) · Носки · Жим ногами (носками, на икры) 
  ok  и дописанные им упражнения тоже
  ok  а спрятанные строки не показываются: 5
  ok  окно подтвердило пересборку: День 4 пересобран. Подходов в неделю: трицепс 6,5 → 12
  ok  и честно сказало, что старые правки сняты
  ok  вернулись в день 4
    на экране: Жим лёжа (узкий хват) · Сгибание на бицепс (штанга) · Разгибание на трицепс (блок) · Скручивания (блок) · Сгибание запястий
  ok  приседа в дне рук больше нет
  ok  и жима ногами на икры тоже
  ok  дописанные в прежний день упражнения ушли вместе с ним
  ok  на экране есть «узкий хват»
  ok  на экране есть «бицепс»
  ok  на экране есть «трицепс»
  ok  на экране есть «Скручивания»
  ok  на экране есть «запястий»
  ok  и ровно пять строк, как в ответе тренера: 5
  ok  шапка и строки сошлись: 10 и 10
  ok  открыли день 1
  ok  замена в нетронутом дне цела: Присед (штанга, глубокий) · Гакк-присед · Сгибание ног
ВСЕ ПРОВЕРКИ ПРОЙДЕНЫ
