  ok  страница поднялась без ошибок 
  ok  кнопка «Занятие вне зала» стоит в конце дня на «Тренировке»
  ok  не в блоке «+ Добавить упражнение»
  ok  под «Завершить и сохранить» и над «Очистить день»: {"вДне":false,"подЗавершить":true,"надОчистить":true,"ниже":12,"подпись":"+ Занятие вне залаТеннис, бег, плавание, прогу
  ok  и подписано, куда занятие идёт
  ok  пока занятий нет — пусто, без лишней карточки
  ok  лист открылся
  ok  виды спорта чипами: теннис · бег · ходьба · плавание · велосипед · футбол · ещё 8 → · своё
  ok  полный справочник за «ещё»
  ok  и есть «своё» — его условие про то, чего нет в списке
  ok  минуты готовыми значениями и «своё»: 30 45 60 90 120 своё
  ok  всё выбрано заранее, записать можно сразу: теннис · 60 · обычно
  ok  прибавку показывает сервер, а не считает приложение: +777 ккал к норме едытеннис · 60 мин · MET 7,3 · Compendium 
  ok  и видно, откуда она взялась: +777 ккал к норме едытеннис · 60 мин · MET 7,3 · Compendium 2011, не по часам
  ok  после «ещё» виден весь справочник: 15 видов
  ok  нажал «своё» — открылось поле для названия
  ok  своё название уходит на расчёт: +777 ккал к норме едыджиу-джитсу · 60 мин · MET 7,3 · такого
  ok  и приложение честно говорит, что вида нет в справочнике: +777 ккал к норме едыджиу-джитсу · 60 мин · MET 7,3 · такого вида в справочнике нет — считаю по сред
  ok  нажал «своё» у минут — открылось поле
  ok  свои минуты уходят на расчёт
  ok  после записи лист закрылся
  ok  занятие показано отдельной карточкой, а не строчкой
  ok  название крупно и с большой буквы: Джиу-джитсу
  ok  надкласс говорит, что это за нагрузка: вне зала
  ok  под ним — чем занятие было: 75 мин · обычно · 18:20
  ok  отдельной строкой — что оно дало: +777 ккал к норме еды сегодня
  ok  убрать можно здесь же, не уходя на «Еду»
  ok  карточка заметная, а не строчка: 168px
  ok  и стоит в дне, до кнопок, вместе с упражнениями
  ok  крестик убрал занятие из дня
  ok  в следующий раз своё занятие стоит первым и выбрано: джиу-джитсу · теннис · бег
ВСЕ ПРОВЕРКИ ПРОЙДЕНЫ
