  ok  страница поднялась без ошибок 
  ok  на главной кнопки среза больше нет
  ok  срез открылся
  ok  срок ушёл на сервер: uid=308687648&days=14
  ok  вывод сверху и он про жир: За 15 дней ушло 4,0 кг. По оценке весов, жиром — 2,1.
  ok  и сказано, что с сухой массой: Остальное — не жир: сухая масса просела на 1,9 кг. Расчётная белковая масса почти не изменилась; по ней одной нельзя судить о сохранности мышц.
  ok  строк с числами: 5
  ok  вес: вес92,3 → 88,3 кг−4,0
  ok  жир: жир26,3 → 24,2 кг · 28,5 → 27,4 %−2,1
  ok  белковая: белковая масса16,1 → 16,2 кг+0,1
  ok  падение веса и жира отмечено как хорошее: dn dn dn dn dn
  ok  график нарисован
  ok  в нём две линии и полоса между ними: 3
  ok  подпись говорит, что это изменения, а не килограммы: сколько ушло от 01.09
  ok  объяснено, почему опережение в начале — это вода
  ok  и назван темп последней недели
  ok  скорость за неделю не выдаётся за сверку с планом
  ok  источник на месте: Метод BIA: InBody, What is Body Composit
  ok  сверка с планом — от старта цели и в весе: против планас 01.09 ушло 4,0 кг, по плану 1,8впереди 2,2
  ok  и она называет опережение, а не отставание: против планас 01.09 ушло 4,0 кг, по плану 1,8впереди 2,2
  ok  что дальше говорит то же самое: С 01.09 ушло 4,0 кг вместо плановых 1,8 — опережение на 2,2 кг. Еду сильнее резать не нужно; следить надо за силой и белковой массой.
  ok  и не называет это отставанием
  ok  срез закрылся
  ok  разговор с тренером открылся
  ok  вопрос уже вписан: Иду с опережением плана. Не слишком ли быстро?
  ok  без замеров сказано, что сделать: Чтобы увидеть, сколько из веса ушло жиром, нужно хотя бы два замера за выбранный
  ok  и пустого графика нет
  ok  ссылка бота открыла срез, а не «куда-то в приложение»
ВСЕ ПРОВЕРКИ ПРОЙДЕНЫ
