  ok  главная поднялась без ошибок 
  ok  крупно — средний за 7 дней без утра с водой: 87,6кг
  ok  сегодняшние 89,0 — мелко, «за день +1,4 — вода»: сегодня 89,0 · за день +1,4 — вода
  ok  «за неделю» без воды — ±0,0, без красного: ±0,0 за неделю 
  ok  на графике — вертикаль свободного дня с 🍕 и бледная точка утра с водой: 1/1/1
  ok  под графиком сказано, что скачок — вода: После свободного дня 06.10 · влияние водыСкачок после свободного дня 06.10 — это вода, гли
  ok  в легенде — коридор, о свободном дне ни строки: средний за 7 днейзамеробычный разброс ±0,8
  ok  «за день» не красится: rgb(225, 240, 243)
  ok  без отметки 89,0 подняло бы средний до 87,8 и «за неделю» до +0,2: 87,8кг · +0,2 за неделю
  ok  одна неделя вверх (прошлая шла вниз) — не красная: «»
  ok  без свободного дня нет ни меток, ни строки про воду
  ok  и эта, и прошлая неделя вверх — «за неделю» красная: +0,4 за неделю up
  ok  «Еда» поднялась без ошибок 
  ok  под оценкой дня — строка «Свободный день» с окном: Свободный деньпо твоему темпу сейчас можноокно открыто
  ok  строка нажимается пальцем: 73.5 px
  ok  нажатие открывает шторку
  ok  в шторке: серия, вода наутро, без отработки
  ok  окно по темпу — с правилом: Как часто: раз в 21 деньтемп за две недели ±0,0 кг/нед при плане −0,66 (0 % плана)
  ok  кнопка отмечает открытый день — вчера: Отметить вчера свободным
  ok  на сервер ушло: [{"uid":"308687648","date":"2026-10-06","on":true}]
  ok  вчера — карточка свободного дня: Свободный деньВ этот день еду можно не записывать: нормы и оценки нет, серия не 
  ok  шкал нормы и оценки в этот день нет, шторка закрылась
  ok  в свободный день кнопка шторки — «Снять отметку»: Снять отметку с 06.10
  ok  снятие ушло на сервер: {"uid":"308687648","date":"2026-10-06","on":false}
  ok  после снятия — снова шкалы нормы
  ok  вне окна — дата окна и цена в днях срока: Свободный деньвне окна — срок цели +3 дняокно с 27.10
  ok  шторка вне окна: окно, цена, и кнопка не запрещает
  ok  сегодня — кнопка «Сегодня — свободный день»
  ok  в центре часов — «свободный день», без остатка до нормы: свободныйденьбез записи и оценкизавтра — обычная норма
  ok  часы не зовут к столу: «+» следующего приёма нет
  ok  строка под часами: ешь как решил — записывать не нужно
  ok  дорожки без нормы, вместо оценки — «свободный день»: Калории640 ккал | Белок30 г | Зал0 из 18 подходов | Оценка— свободный день
ВСЕ ПРОВЕРКИ ПРОЙДЕНЫ
