  ok  страница поднялась без ошибок 
  ok  на карточке есть «Суперсет с…»
  ok  изоляцию в пару к базовому можно: {"т":"Сгибания с гантелями","нельзя":false}
  ok  две базовые — нельзя, и сказано почему
  ok  под списком объяснение правила
  ok  упражнения, уже стоящие в паре программы, не предлагаются
  ok  спрошено, на сколько: сегодня или всегда
  ok  присед и сгибания теперь одной карточкой суперсета
  ok  в шапке сказано: только сегодня
  ok  у своей пары есть «Разобрать»
  ok  пара записана на сегодня: {"D1":[{"a":"D1:0","b":"D1:xx1","d":"2026-10-07"}]}
  ok  после «Разобрать» пары нет
  ok  и в памяти её нет: {}
  ok  пара записана навсегда: {"D1":[{"a":"D1:0","b":"D1:xx1","d":null}]}
  ok  у постоянной пары пометки «только сегодня» нет
  ok  внизу дня сказано, что в нём своя пара
  ok  после перезагрузки присед по-прежнему в паре (метка А): АПриседания со штангой4 × 6–10—0 из 4 | БСгибания с гантелями3 × 8–12—0 из 3
  ok  вчерашняя пара «только сегодня» сегодня не действует
  ok  и в правках дня её нет
ВСЕ ПРОВЕРКИ ПРОЙДЕНЫ
