  ok  техника есть у 868 упражнений каталога
  ok  у каждого 2–5 шагов
  ok  шаг не длиннее 200 знаков
  ok  без латиницы (кроме EZ): 
  ok  мифа «колени не за носки» нет: 
  ok  все ключи — id каталога
  ok  источник назван в самом файле
  ok  страница поднялась без ошибок 
  ok  Приседания со штангой на 45 кг: разминка 20 кг × 6 · 35 кг × 6 (ждали 20 кг × 6 · 35 кг × 6)
  ok  кнопки — прямо над таблицей подходов
  ok  в первый раз — подсказка, что это
  ok  нажал — разминочный подход отмечен
  ok  рабочих подходов столько же — разминка в них не входит
  ok  и счёт подходов дня не изменился
  ok  отметка пережила сворачивание карточки
  ok  подсказка больше не нужна — её нет
  ok  шторка открылась, в заголовке — упражнение: Приседания со штангой
  ok  шаги: 4 («Как делать · 4 шага»)
  ok  число шагов — по-русски: Как делать · 4 шага
  ok  кадры крупно: 2
  ok  видео — в шторке
  ok  и откуда текст: Текст — free-exercise-db (общественное д
  ok  нажатие мимо шторки закрывает её
     упражнения дня: Приседания со штангой 45 [разминка] · Румынская тяга с гантелями 30 · Жим ногами в тренажёре 80 · Подъёмы на носки стоя 35 · Ролик для пресса —
  ok  жим ногами после приседа — без разминки: квадрицепс уже тёплый
  ok  изоляции разминка не ставится: 
  ok  первое базовое дня — с разминкой
ВСЕ ПРОВЕРКИ ПРОЙДЕНЫ
