  ok  главная поднялась без ошибок 
  ok  на главной — карточка «Тело»
  ok  переключатель вес / жир / белок / талия, выбран вес: вес,жир,белок,талия → вес
  ok  крупно — средний за 7 дней (вариант А): 87,6кг
  ok  «за неделю» — средними (87,6 против 87,9), зелёным: −0,3 за неделю
  ok  подпись — на той же базе, что крупное число: «средний за 7 дней · с 01.09 −4,7»: средний за 7 дней · с 01.09 −4,7
  ok  сегодняшний замер — мелкой строкой с «за день»: сегодня 87,6 · за день +0,1
  ok  на графике — коридор его обычного разброса: средний за 7 днейзамеробычный разброс ±0,9план цели
  ok  один график — средний за 7 дней линией
  ok  у веса — пунктир плана цели
  ok  и строка плана с сервера: План на сегодня 86,9 кг · отстаём на 0,7 кг
  ok  поля замера — под карточкой на главной
  ok  на «Еде» раздела «Весы» больше нет
  ok  набранный вес не стёрся, когда главная перерисовалась
  ok  жир — в кг, рядом процент и «оценка весов»: 23,8кг · средний за 7 дней · с 01.09 −2,5 · оценка весов · сегодня 23,8 (27,2 %) · за день −0,1
  ok  план цели — только у веса
  ok  талия: последний замер и «всего» от первого замера талии: 94,0см · замер 05.10 · с 17.09 −1,0
  ok  выбранная величина запоминается: waist
  ok  замер ушёл на сервер: {"uid":"308687648","w":87.4,"fat":null,"waist":null}
  ok  кнопки переключателя не меньше 44 px: 44, 44, 44, 44
  ok  светлая тема, стандартный ряд — без ошибок 
  ok  по одному взвешиванию прошлой недели темп не рисуем: «»
  ok  всего — от самого первого замера до среднего за 7 дней (88,6 − 92,3): средний за 7 дней · с 01.09 −3,7
  ok  без плана цели пунктира нет
  ok  без замеров — карточка с подсказкой и полями: Тело—впиши вес нижеНовый замер Вес, кг Жир, % Талия Записать → 
ВСЕ ПРОВЕРКИ ПРОЙДЕНЫ
