  ok  подробный вердикт сначала свёрнут
  ok  серверный вердикт виден: стоит
  ok  выделение по состоянию: стоит
  ok  срок условный, не обещание; без eta скрыт: стоит
  ok  без ошибок браузера: стоит
  ok  вердикт веса не появляется у жира
  ok  подробный вердикт сначала свёрнут
  ok  серверный вердикт виден: плато
  ok  выделение по состоянию: плато
  ok  срок условный, не обещание; без eta скрыт: плато
  ok  без ошибок браузера: плато
  ok  подробный вердикт сначала свёрнут
  ok  серверный вердикт виден: мало
  ok  выделение по состоянию: мало
  ok  срок условный, не обещание; без eta скрыт: мало
  ok  без ошибок браузера: мало
  ok  подробный вердикт сначала свёрнут
  ok  серверный вердикт виден: план
  ok  выделение по состоянию: план
  ok  срок условный, не обещание; без eta скрыт: план
  ok  без ошибок браузера: план
  ok  подробный вердикт сначала свёрнут
  ok  серверный вердикт виден: медленнее
  ok  выделение по состоянию: медленнее
  ok  срок условный, не обещание; без eta скрыт: медленнее
  ok  без ошибок браузера: медленнее
  ok  подробный вердикт сначала свёрнут
  ok  серверный вердикт виден: быстрее
  ok  выделение по состоянию: быстрее
  ok  срок условный, не обещание; без eta скрыт: быстрее
  ok  без ошибок браузера: быстрее
  ok  старый ответ без новых полей не рисует пустую строку
  ok  текст экранирован; невозможная дата не показана
  ok  карточка помещается на узком экране
  ok  без ошибок на неполном ответе
  ok  старый ответ без новых полей не рисует пустую строку
  ok  текст экранирован; невозможная дата не показана
  ok  карточка помещается на узком экране
  ok  без ошибок на неполном ответе
ВСЕ ПРОВЕРКИ ПРОЙДЕНЫ
