  ok  строка силы есть и без линии плана: растёт
  ok  счётчики и подпись с сервера: растёт
  ok  цвет состояния: растёт
  ok  детали изначально свёрнуты
  ok  по тапу видны упражнения
  ok  процент взят с сервера, не рассчитан из 60 → 62,5
  ok  первая тренировка без прошлого сравнения
  ok  область нажатия не меньше 44 px
  ok  раскрытие доступно с клавиатуры
  ok  нет ошибок браузера
  ok  строка силы есть и без линии плана: стоит
  ok  счётчики и подпись с сервера: стоит
  ok  цвет состояния: стоит
  ok  детали изначально свёрнуты
  ok  по тапу видны упражнения
  ok  процент взят с сервера, не рассчитан из 60 → 62,5
  ok  первая тренировка без прошлого сравнения
  ok  область нажатия не меньше 44 px
  ok  раскрытие доступно с клавиатуры
  ok  нет ошибок браузера
  ok  строка силы есть и без линии плана: падает
  ok  счётчики и подпись с сервера: падает
  ok  цвет состояния: падает
  ok  детали изначально свёрнуты
  ok  по тапу видны упражнения
  ok  процент взят с сервера, не рассчитан из 60 → 62,5
  ok  первая тренировка без прошлого сравнения
  ok  область нажатия не меньше 44 px
  ok  раскрытие доступно с клавиатуры
  ok  нет ошибок браузера
  ok  строка силы есть и без линии плана: мало
  ok  счётчики и подпись с сервера: мало
  ok  цвет состояния: мало
  ok  детали изначально свёрнуты
  ok  по тапу видны упражнения
  ok  процент взят с сервера, не рассчитан из 60 → 62,5
  ok  первая тренировка без прошлого сравнения
  ok  область нажатия не меньше 44 px
  ok  раскрытие доступно с клавиатуры
  ok  нет ошибок браузера
  ok  без sila — нет строки и пустого места
  ok  помещается на 320 px
  ok  без sila — нет строки и пустого места
  ok  помещается на 320 px
  ok  без sila — нет строки и пустого места
  ok  резервный текст экранирован
  ok  помещается на 320 px
ВСЕ ПРОВЕРКИ ПРОЙДЕНЫ
