  ok  страница поднялась без ошибок 
  ok  цель стоит на той же странице, что рост и вес
  ok  счётчика шагов у одной страницы нет
  ok  пока веса нет — темп не считаем и «не получилось» не показываем: Заполни возраст, рост и вес — посчитаю безопасный темп.
  ok  шкала на месте
  ok  у того, кто ходит в зал, спрашивают, что важнее
  ok  цель по умолчанию — месяц безопасного темпа: 84,5
  ok  темп показан: −3,6 кг · 0,88 кг в неделю · к 04.11
  ok  на дорожке есть и красный отрезок, и зелёный
  ok  ручка упёрлась в границу нормы: 71
  ok  число под шкалой тоже упёрлось: 71
  ok  разница считается от текущего веса: −13,1 кг · 0,88 кг в неделю · к 20.01
  ok  на кнопке — срок: Так и делаем · до 20.01
  ok  у «держать» шкалы нет
  ok  вернулись к «похудеть» — шкала снова на месте
  ok  анкета «где и когда» тут же, ниже цели
  ok  и одна кнопка на всё: Собрать программу
  ok  своей кнопки у шага цели больше нет
  ok  цель спрашивают и у тех, кто ведёт одну еду
  ok  вопроса про зал у них нет
  ok  и анкеты про зал на странице нет вовсе
  ok  кнопка не обещает программу: Начать
  ok  знакомство кончилось, три кнопки: Сегодня · Еда · Тренер
  ok  на экране достижимый темп, а не 1 % веса: Зелёный отрезок — то, что тело отдаёт жиром при 0,39 кг в неделю (это весь доступный дефицит: ниже основного обмена норму не опускаем). Ниже 57,5 кг жир уже не запасной, а необходимый — туда ручка не идёт.
  ok  сказано, что упирается в пол нормы
  ok  про 1 % веса не говорим — ограничивает не он
  ok  шкалы нет: снижать нечем
  ok  сказано прямо: 58кгснижать сейчас нечем
  ok  и объяснено почему
  ok  вес из анкеты ушёл вместе с запросом границ: uid=308687648&bw=79&ht=180&age=19&sex=m
  ok  рост и возраст тоже
  ok  и при записи цели тоже: {"uid":"308687648","wt":"down","gym":"muscle","target":84.5,"bw":79,"ht":180,"age":19,"sex
  ok  вес с первого шага виден в блоке тела: Тело79кгс твоих слов · встань на весы — пойдёт трендНовый замер Вес, кг Жир, % Талия Записать →
  ok  и его больше не просят вписать заново
  ok  зовём на весы за трендом, а не за весом: Тело79кгс твоих слов · встань на весы — пойдёт трендНовый замер Вес, кг Жир, % Талия Записать →

ВСЕ ПРОВЕРКИ ПРОЙДЕНЫ
