  ok  страница поднялась без ошибок 
  ok  полоса кругов на месте: семья 2 · зал 4 · ⚙ · +
  ok  есть чем завести новый круг
  ok  и чем настроить текущий
  ok  лист круга открылся
  ok  в заголовке имя круга: семья
  ok  имя можно переименовать
  ok  код виден и меняется: k-name · k-code
  ok  видно, кто внутри: Тызавёл круг · жена
  ok  свой круг можно закрыть
  ok  а «выйти» из своего нет — его можно только закрыть
  ok  участника можно убрать
  ok  открылся чужой круг: зал
  ok  чужой круг не переименовать
  ok  код виден, но не меняется: k-code:только чтение
  ok  из чужого можно выйти
  ok  а закрыть чужой нечем
  ok  и людей из чужого не убрать
  ok  лист нового круга: Новый круг
  ok  есть поле имени
  ok  имя вводится
ВСЕ ПРОВЕРКИ ПРОЙДЕНЫ
