  ok  каталог: 899, способы только известные {"кг×повт":555,"s":109,"r+":116,"r":92,"km":11,"ks":3,"min":13}
  ok  лестница, степпер, дорожки, эллипс, гребля, вело — минуты
  ok  все удержания (tm) — секунды
  ok  растяжка — секунды или повторы (движением)
  ok  названия исправлены: ролики, подъём коленей в висе
  ok  страница поднялась без ошибок 
  ok  лестница: секундомер и минуты, без «кг» ["#","было","","минуты","всё"]
  ok  лестница — один заход, а не три подхода (1)
  ok  «как шло» есть, по умолчанию средне ["легко","средне*","тяжело"]
  ok  в программе «15–20 мин», а не «10–12»
  ok  «тяжело» выбрано
  ok  после кардио таймер отдыха не всплывает
  ok  отжимания: «+кг» по желанию, подсказка «свой» {"шапка":["#","было","+кг","повторы","всё"],"кг":true,"секундомер":false,"мм":false,"подсказкаВеса":"свой","как":[],"строк":2}
  ok  резинка: только повторы ["#","было","повторы","всё"]
  ok  планка: секундомер и секунды ["#","было","","секунды","всё"]
  ok  прогулка фермера: кг и метры ["#","было","кг","метры","всё"]
  ok  жим: кг и повторы ["#","было","кг","повторы","всё"]
  ok  лестница в журнале: 25 мин, тяжело {"n":"Лестница (тренажёр)","id":"Step_Mill","p":"Кардио","m":"quadriceps","unit":"min","sets":[{"w":null,"r":25}],"int":"hard"}
  ok  отжимания без веса — без веса {"n":"Отжимания (классические)","id":"Pushups","p":"Грудь","m":"chest","unit":"reps","sets":[{"w":null,"r":15}]}
  ok  жим — кг × повторы
  ok  в строке лестницы «25 мин»: Лестница (тренажёр)1 × 15–20 мин25 мин1 из 1 ✓
ВСЕ ПРОВЕРКИ ПРОЙДЕНЫ
