  ok  страница поднялась без ошибок 
  ok  на слишком короткое занятие спрошены минуты
  ok  тренировка ушла в хранилище: 1
  ok  у записи есть дата и день: 2026-10-07 D1
  ok  в записи есть время начала занятия: 2026-10-07T09:03:02.133Z
  ok  и длительность в разумных пределах: 45 мин
  ok  и начало относится к тому же дню: 2026-10-07
  ok  у упражнения есть имя: Приседания со штангой
  ok  и id каталога — по нему ищут кадр, мышцу и прошлый раз: Barbell_Squat
  ok  и то, по чему ищут мышцу: m=null p=Присед
  ok  и единица измерения: reps
  ok  в подходах записаны числа, а не пустоты: [{"w":null,"r":10},{"w":null,"r":10},{"w":null,"r":10},{"w":null,"r":10}]
  ok  карта тела увидела эту тренировку: quad:4 add:2 lower:2 glute:2
  ok  «Упражнения» увидели её же: Приседания со штангой
  ok  адрес кадра собран по id записи: exercise-db@main/exercises/Barbell_Squat/0.jpg
  ok  на другом устройстве день показан сделанным: Приседания со ✓ · АРумынская тяг · БПодъёмы на но · АЖим ногами в  · БРолик для пре
  ok  и с числами, а не прочерком: 104 из 4 ✓
  ok  упражнение опознано: Приседания со штангой
  ok  строка упражнения показывает результат: 104 из 4 ✓
  ok  зал отмечен на часах дня на обоих устройствах
  ok  и стоит в одном и том же месте: 189.5,88.8 и 189.5,88.8
ВСЕ ПРОВЕРКИ ПРОЙДЕНЫ
