  ok  страница поднялась без ошибок 
  ok  в профиле есть блок «здоровье»
  ok  пока не спрашивали — так и написано: не заполнено
  ok  свёрнут — одна строка, а не простыня
  ok  стоит сразу под целью, до всех разделов: goalcard → zdbox → psec → psec → psec
  ok  раскрывается
  ok  подвопросов про диабет пока нет — не о чем спрашивать
  ok  выбирается тип диабета
  ok  и подвопросы появляются
  ok  спрашиваем то, что человек про себя знает, а не группу препарата: колешь инсулин | сахар в крови падает низко | пьёшь метформин (Сиофор, Глюкофаж) | врач говорил
  ok  и без слов, которых он не обязан знать
  ok  отмечается инсулин
  ok  сводка в свёрнутой строке говорит, что внутри: диабет 2 типа · инсулин
  ok  и инсулин в ней виден
  ok  ответ уехал на сервер в профиле
  ok  ровно тем, что отмечено: {"dia":"t2","no":"","bp":0,"preg":0,"ins":1,"met":null,"low":null,"eyes":0,"feet":0,"kid":0,"at":"2026-10-07T09:03:00.000Z"}
  ok  и остальной профиль при этом цел: рост 176, вес 88.1
  ok  снял диабет — подвопросы ушли
  ok  и ответы под ними стёрлись: {"dia":"","no":"","bp":0,"preg":0,"ins":null,"low":null,"met":null,"eyes":0,"feet":0,"kid":0,"at":"2026-10-07T09:03:00.000Z"}
  ok  сводка честная: ничего из этого нет
  ok  чего не ешь — уезжает отдельно: {"dia":"","no":"лактоза","bp":0,"preg":0,"ins":null,"low":null,"met":null,"eyes":0,"feet":0,"kid":0,"at":"2026-10-07T09:03:00.000Z"}
  ok  кто уже внутри — видит карточку на главной
  ok  и она говорит, о чём речь: Приложение научилось учитывать здоровье. Если есть диабет, давление или что-то, 
  ok  нажатие открывает профиль
  ok  сразу на раскрытом блоке, а не «ищи сам»
  ok  и второй раз карточка не появляется
  ok  кто уже ответил — карточку не видит, даже если ответил «ничего»
  ok  в знакомстве блок тоже есть
  ok  и он на виду, а не спрятан за шагом
  ok  свёрнут: у кого ничего нет, знакомство не удлиняется
  ok  строка сама объясняет, зачем её открывать: диабет, давление, чего не ешь — если есть
  ok  внутри тот же набор вопросов, что и в профиле
  ok  диабет выбирается и тут
  ok  и подвопросы раскрываются так же

ВСЕ ПРОВЕРКИ ПРОЙДЕНЫ
