  ok  страница поднялась без ошибок 
  ok  о себе — на странице
  ok  цель — на той же странице
  ok  где и когда — на той же странице
  ok  счётчика «шаг 1 из 4» больше нет
  ok  кнопок отдельных шагов нет
  ok  внизу одна кнопка: Собрать программу
  ok  цель ждёт вес, а не показывает ошибку: Заполни возраст, рост и вес — посчитаю безопасный темп.
  ok  ввели вес — шкала цели посчиталась тут же, без перехода
  ok  программа на экране
  ok  и в ней есть упражнения: Мышцы · 3 дняТри дня, до 45 минут, всё из твоего зала.День 1 · Низ · н
  ok  первый запрос шёл БЕЗ вопросов (after=false)
  ok  и без единого заданного вопроса
  ok  второй запрос — уточнение поверх готового (after=true)
  ok  под программой стоит вопрос тренера
  ok  вопрос про то, что меняет программу: Колени или спина беспокоят?нетколениспина→
  ok  программа при этом никуда не делась
  ok  и начать по ней можно, не отвечая ни на один вопрос
  ok  после «колени» присед со штангой из программы ушёл
  ok  и сказано, что именно поменялось: Убрал присед со штангой — колено не грузим.
  ok  следом идёт второй вопрос: Что делать не любишь?бёрпикардио→
  ok  ответ ушёл вместе с той программой, что человек видит
  ok  третий вопрос: Раньше занимался?нетгод назад→
  ok  после третьего ответа вопросов больше нет
  ok  тренер закрывает разговор: Всё учёл — программа твоя.
  ok  осталась одна кнопка — начать по программе
  ok  вернулся — на главной полоска с тем местом, где он ушёл: Программа собрана — осталось ответить, и она станет твоей →
  ok  и это не общее «заполни профиль», а именно его шаг
  ok  нажал — знакомство открылось на собранной программе, а не с нуля
  ok  и это та самая, исправленная: Мышцы · 3 дняТри дня, до 45 минут, колени бережём.День 1 · Н
  ok  программа применена — черновик стёрт: null
  ok  окно знакомства закрылось
  ok  и полоска «осталось ответить» с главной ушла
ВСЕ ПРОВЕРКИ ПРОЙДЕНЫ
